******************************************************************************
                  TI ARM Linker PC v20.2.0                     
******************************************************************************
>> Linked Mon May 25 11:12:42 2020

OUTPUT FILE NAME:   <EXP1.out>
ENTRY POINT SYMBOL: "_c_int00_noinit_noargs"  address: 00000d09


MEMORY CONFIGURATION

         name            origin    length      used     unused   attr    fill
----------------------  --------  ---------  --------  --------  ----  --------
  FLASH                 00000000   00040000  000011c0  0003ee40  R  X
  SRAM                  20000000   00008000  00000200  00007e00  RW X


SEGMENT ALLOCATION MAP

run origin  load origin   length   init length attrs members
----------  ----------- ---------- ----------- ----- -------
00000000    00000000    000011c0   000011c0    r-x
  00000000    00000000    0000026c   0000026c    r-- .intvecs
  0000026c    0000026c    00000ba8   00000ba8    r-x .text
  00000e14    00000e14    000003ac   000003ac    r-- .const
20000000    20000000    00000200   00000000    rw-
  20000000    20000000    00000200   00000000    rw- .stack


SECTION ALLOCATION MAP

 output                                  attributes/
section   page    origin      length       input sections
--------  ----  ----------  ----------   ----------------
.intvecs   0    00000000    0000026c     
                  00000000    0000026c     tm4c123gh6pm_startup_ccs.obj (.intvecs)

.text      0    0000026c    00000ba8     
                  0000026c    000006a0     main.obj (.text)
                  0000090c    00000132     driverlib.lib : gpio.obj (.text:GPIOPadConfigSet)
                  00000a3e    00000002     --HOLE-- [fill = 0]
                  00000a40    00000110                   : sysctl.obj (.text:SysCtlClockGet)
                  00000b50    000000f4                   : sysctl.obj (.text:SysCtlClockSet)
                  00000c44    00000048                   : gpio.obj (.text:GPIOPinConfigure)
                  00000c8c    00000046                   : uart.obj (.text:UARTConfigSetExpClk)
                  00000cd2    00000002     --HOLE-- [fill = 0]
                  00000cd4    00000034                   : sysctl.obj (.text:SysCtlPeripheralEnable)
                  00000d08    0000002c     rtsv7M4_T_le_v4SPD16_eabi.lib : boot_cortex_m.c.obj (.text:_c_int00_noinit_noargs:_c_int00_noinit_noargs)
                  00000d34    0000002a     driverlib.lib : gpio.obj (.text:GPIODirModeSet)
                  00000d5e    00000002     --HOLE-- [fill = 0]
                  00000d60    00000020                   : uart.obj (.text:UARTDisable)
                  00000d80    00000018                   : gpio.obj (.text:GPIOPinTypeGPIOOutput)
                  00000d98    00000014                   : uart.obj (.text:UARTEnable)
                  00000dac    00000014     rtsv7M4_T_le_v4SPD16_eabi.lib : strlen.c.obj (.text:strlen)
                  00000dc0    00000012     driverlib.lib : gpio.obj (.text:GPIOPinTypeGPIOInput)
                  00000dd2    00000012                   : gpio.obj (.text:GPIOPinTypeUART)
                  00000de4    0000000c     tm4c123gh6pm_startup_ccs.obj (.text)
                  00000df0    0000000a     driverlib.lib : uart.obj (.text:UARTCharPut)
                  00000dfa    00000006                   : gpio.obj (.text:GPIOPinRead)
                  00000e00    00000006                   : gpio.obj (.text:GPIOPinWrite)
                  00000e06    00000006                   : sysctl.obj (.text:SysCtlDelay)
                  00000e0c    00000004     rtsv7M4_T_le_v4SPD16_eabi.lib : pre_init.c.obj (.text:_system_pre_init)
                  00000e10    00000004                                   : exit.c.obj (.text:abort:abort)

.const     0    00000e14    000003ac     
                  00000e14    000002ae     main.obj (.const:.string)
                  000010c2    00000002     --HOLE-- [fill = 0]
                  000010c4    00000090     driverlib.lib : gpio.obj (.const:g_pui32GPIOBaseAddrs)
                  00001154    0000006c                   : sysctl.obj (.const:g_pui32Xtals)

.cinit     0    00000000    00000000     UNINITIALIZED

.init_array 
*          0    00000000    00000000     UNINITIALIZED

.stack     0    20000000    00000200     UNINITIALIZED
                  20000000    00000004     rtsv7M4_T_le_v4SPD16_eabi.lib : boot_cortex_m.c.obj (.stack)
                  20000004    000001fc     --HOLE--

__llvm_prf_cnts 
*          0    20000000    00000000     UNINITIALIZED

MODULE SUMMARY

       Module                         code   ro data   rw data
       ------                         ----   -------   -------
    .\
       main.obj                       1696   686       0      
       tm4c123gh6pm_startup_ccs.obj   12     620       0      
    +--+------------------------------+------+---------+---------+
       Total:                         1708   1306      0      
                                                              
    C:/ti/TivaWare_C_Series-2.1.4.178/driverlib/ccs/Debug/driverlib.lib
       sysctl.obj                     574    108       0      
       gpio.obj                       492    144       0      
       uart.obj                       132    0         0      
    +--+------------------------------+------+---------+---------+
       Total:                         1198   252       0      
                                                              
    C:\ti\ccs1000\ccs\tools\compiler\ti-cgt-arm_20.2.0.LTS\lib\rtsv7M4_T_le_v4SPD16_eabi.lib
       boot_cortex_m.c.obj            44     0         0      
       strlen.c.obj                   20     0         0      
       exit.c.obj                     4      0         0      
       pre_init.c.obj                 4      0         0      
    +--+------------------------------+------+---------+---------+
       Total:                         72     0         0      
                                                              
       Stack:                         0      0         512    
    +--+------------------------------+------+---------+---------+
       Grand Total:                   2978   1558      512    


GLOBAL SYMBOLS: SORTED ALPHABETICALLY BY Name 

address   name                   
-------   ----                   
00000e11  C$$EXIT                
00000d35  GPIODirModeSet         
0000090d  GPIOPadConfigSet       
00000c45  GPIOPinConfigure       
00000dfb  GPIOPinRead            
00000dc1  GPIOPinTypeGPIOInput   
00000d81  GPIOPinTypeGPIOOutput  
00000dd3  GPIOPinTypeUART        
00000e01  GPIOPinWrite           
00000de5  ResetISR               
00000a41  SysCtlClockGet         
00000b51  SysCtlClockSet         
00000e07  SysCtlDelay            
00000cd5  SysCtlPeripheralEnable 
00000df1  UARTCharPut            
00000c8d  UARTConfigSetExpClk    
00000d61  UARTDisable            
00000d99  UARTEnable             
20000200  __STACK_END            
00000200  __STACK_SIZE           
20000200  __STACK_TOP            
ffffffff  __TI_pprof_out_hndl    
ffffffff  __TI_prof_data_size    
ffffffff  __TI_prof_data_start   
00000000  __TI_static_base__     
ffffffff  __binit__              
ffffffff  __c_args__             
UNDEFED   __mpu_init             
20000000  __stack                
20000000  __start___llvm_prf_cnts
20000000  __stop___llvm_prf_cnts 
00000d09  _c_int00_noinit_noargs 
00000e0d  _system_pre_init       
00000e11  abort                  
ffffffff  binit                  
00000000  g_pfnVectors           
0000026d  main                   
000008dd  sendWord               
00000dad  strlen                 


GLOBAL SYMBOLS: SORTED BY Symbol Address 

address   name                   
-------   ----                   
00000000  __TI_static_base__     
00000000  g_pfnVectors           
00000200  __STACK_SIZE           
0000026d  main                   
000008dd  sendWord               
0000090d  GPIOPadConfigSet       
00000a41  SysCtlClockGet         
00000b51  SysCtlClockSet         
00000c45  GPIOPinConfigure       
00000c8d  UARTConfigSetExpClk    
00000cd5  SysCtlPeripheralEnable 
00000d09  _c_int00_noinit_noargs 
00000d35  GPIODirModeSet         
00000d61  UARTDisable            
00000d81  GPIOPinTypeGPIOOutput  
00000d99  UARTEnable             
00000dad  strlen                 
00000dc1  GPIOPinTypeGPIOInput   
00000dd3  GPIOPinTypeUART        
00000de5  ResetISR               
00000df1  UARTCharPut            
00000dfb  GPIOPinRead            
00000e01  GPIOPinWrite           
00000e07  SysCtlDelay            
00000e0d  _system_pre_init       
00000e11  C$$EXIT                
00000e11  abort                  
20000000  __stack                
20000000  __start___llvm_prf_cnts
20000000  __stop___llvm_prf_cnts 
20000200  __STACK_END            
20000200  __STACK_TOP            
ffffffff  __TI_pprof_out_hndl    
ffffffff  __TI_prof_data_size    
ffffffff  __TI_prof_data_start   
ffffffff  __binit__              
ffffffff  __c_args__             
ffffffff  binit                  
UNDEFED   __mpu_init             

[39 symbols]
